// Jest Snapshot v1, https://goo.gl/fbAQLP

exports[`totara_engage/components/sidepanel/media/share matches snapshot 1`] = `
<div
  class="tui-shareSetting"
  sharedto=""
>
  <buttonlabel-stub
    arialabel="Share resource \\"unicorn\\""
    class="tui-shareSetting__buttonLabel"
    number="5"
    numberarialabel="numberofshares, totara_engage"
    styleclass="[object Object]"
  />
   
  <modalpresenter-stub>
    <modal-stub
      dismissable="[object Object]"
      shade="true"
      size="normal"
    >
      <modalcontent-stub
        closebutton="true"
        contentpadding="true"
        title="reshare, totara_engage"
        titlevisible="true"
      >
        <div
          class="tui-shareSetting__recipient"
        >
          <recipientsselector-stub
            access="PUBLIC"
            component="engage_article"
            itemid="4"
          />
           
          <sharedboard-stub
            receipts="[object Object]"
          />
           
          <donecancelgroup-stub />
        </div>
      </modalcontent-stub>
    </modal-stub>
  </modalpresenter-stub>
</div>
`;
