// Jest Snapshot v1, https://goo.gl/fbAQLP

exports[`totara_engage/components/card/compute/EngageCardImage.vue Checks snapshot 1`] = `<!---->`;
